// Jest Snapshot v1, https://goo.gl/fbAQLP

exports[`App.test.js has the expected html structure 1`] = `
<div
  id="app"
>
  <v-app-stub>
    <v-main-stub>
      <devicelist-stub />
    </v-main-stub>
  </v-app-stub>
</div>
`;
